╭─────────────────────────┬─────────────┬─────────────────┬────┬───┬────┬───┬────╮
│        PLAN FILE        │ ENVIRONMENT │     PROJECT     │ 📖 │ ✏️ │ 🆕 │ 🗑 │ 🔄 │
├─────────────────────────┼─────────────┼─────────────────┼────┼───┼────┼───┼────┤
│ live__team1__env1__app1 │ live        │ team1/env1/app1 │ -  │ 1 │ 1  │ - │ -  │
├─────────────────────────┼─────────────┼─────────────────┼────┼───┼────┼───┼────┤
│ live__team2__env2__app2 │ live        │ team2/env2/app2 │ -  │ - │ -  │ 1 │ 1  │
╰─────────────────────────┴─────────────┴─────────────────┴────┴───┴────┴───┴────╯
