[1;93m
PROJECT CHANGES => live/team2/env2/app2[0m
╭───────────────────────────────┬────┬───┬────┬───┬────╮
│           RESOURCE            │ 📖 │ ✏️ │ 🆕 │ 🗑 │ 🔄 │
├───────────────────────────────┼────┼───┼────┼───┼────┤
│ aws_dynamodb_table.app2_table │    │   │    │ - │    │
├───────────────────────────────┼────┼───┼────┼───┼────┤
│ aws_iam_role.app2_role        │    │   │    │   │ -  │
╰───────────────────────────────┴────┴───┴────┴───┴────╯
